main.c:115:5:cmToPrr	24	static
main.c:121:5:prrToCm	24	static
main.c:126:6:switchDirection	16	static
main.c:141:6:shutdownMotor	8	static
main.c:147:6:adjustPosition	48	static
main.c:212:6:adjustControl	24	static
main.c:233:6:writeNumSelect	8	static
main.c:239:6:writeSelected	40	static
main.c:248:6:append	24	static
main.c:254:5:getKeypadNum	16	static
main.c:277:5:getDistanceTarget	40	static
main.c:313:5:main	32	static
main.c:466:6:SystemClock_Config	120	static
main.c:525:13:MX_I2C2_Init	8	static
main.c:571:13:MX_TIM1_Init	56	static
main.c:622:13:MX_TIM3_Init	64	static
main.c:681:13:MX_USART3_UART_Init	8	static
main.c:729:13:MX_USB_OTG_FS_PCD_Init	8	static
main.c:765:13:MX_GPIO_Init	56	static
main.c:830:6:Error_Handler	4	static,ignoring_inline_asm
